******************************************************************************
                  TI ARM Linker PC v15.12.0                    
******************************************************************************
>> Linked Wed Feb 24 11:47:45 2016

OUTPUT FILE NAME:   <Lab7_PRX.out>
ENTRY POINT SYMBOL: "_c_int00"  address: 0000238d


MEMORY CONFIGURATION

         name            origin    length      used     unused   attr    fill
----------------------  --------  ---------  --------  --------  ----  --------
  MAIN                  00000000   00040000  00002698  0003d968  R  X
  INFO                  00200000   00004000  00000000  00004000  R  X
  SRAM_CODE             01000000   00010000  00000000  00010000  RW X
  SRAM_DATA             20000000   00010000  00000307  0000fcf9  RW  


SEGMENT ALLOCATION MAP

run origin  load origin   length   init length attrs members
----------  ----------- ---------- ----------- ----- -------
00000000    00000000    0000269c   0000269c    r-x
  00000000    00000000    00000140   00000140    r-- .intvecs
  00000140    00000140    0000240c   0000240c    r-x .text
  0000254c    0000254c    000000f8   000000f8    r-- .const
  00002648    00002648    00000054   00000054    r-- .cinit
20000000    20000000    00000107   00000000    rw-
  20000000    20000000    000000e4   00000000    rw- .vtable
  200000e4    200000e4    00000018   00000000    rw- .data
  200000fc    200000fc    0000000b   00000000    rw- .bss
2000fe00    2000fe00    00000200   00000000    rw-
  2000fe00    2000fe00    00000200   00000000    rw- .stack


SECTION ALLOCATION MAP

 output                                  attributes/
section   page    origin      length       input sections
--------  ----  ----------  ----------   ----------------
.intvecs   0    00000000    00000140     
                  00000000    00000140     msp432_startup_ccs.obj (.intvecs:retain)

.text      0    00000140    0000240c     
                  00000140    00000c14     msprf24.obj (.text)
                  00000d54    00000890     spi.obj (.text)
                  000015e4    00000488     gpio.obj (.text)
                  00001a6c    000003f0     interrupt.obj (.text)
                  00001e5c    000001b0     msp430_spi.obj (.text)
                  0000200c    0000018c     main.obj (.text)
                  00002198    0000009c     rtsv7M4_T_le_v4SPD16_eabi.lib : memcpy_t2.obj (.text)
                  00002234    0000007a                                   : memset_t2.obj (.text)
                  000022ae    00000002                                   : mpu_init.obj (.text)
                  000022b0    00000070                                   : autoinit.obj (.text)
                  00002320    0000006a                                   : copy_decompress_rle.obj (.text)
                  0000238a    00000002                                   : startup.obj (.text)
                  0000238c    00000054                                   : boot.obj (.text)
                  000023e0    00000054                                   : exit.obj (.text)
                  00002434    0000004c                                   : cpy_tbl.obj (.text)
                  00002480    0000003e     cpu.obj (.text)
                  000024be    00000002     --HOLE-- [fill = 0]
                  000024c0    00000028     msprf24.obj (.text:pulse_ce)
                  000024e8    00000018     rtsv7M4_T_le_v4SPD16_eabi.lib : args_main.obj (.text)
                  00002500    00000014                                   : _lock.obj (.text)
                  00002514    00000010     msprf24.obj (.text:_msprf24_crc_mask)
                  00002524    0000000e     rtsv7M4_T_le_v4SPD16_eabi.lib : copy_decompress_none.obj (.text:decompress:none)
                  00002532    0000000c     msp432_startup_ccs.obj (.text)
                  0000253e    00000006     rtsv7M4_T_le_v4SPD16_eabi.lib : copy_decompress_rle.obj (.text:decompress:rle24)
                  00002544    00000004     msprf24.obj (.text:_msprf24_irq_mask)
                  00002548    00000004     rtsv7M4_T_le_v4SPD16_eabi.lib : pre_init.obj (.text)

.const     0    0000254c    000000f8     
                  0000254c    00000050     interrupt.obj (.const:g_pulRegs)
                  0000259c    00000030     gpio.obj (.const:GPIO_PORT_TO_BASE)
                  000025cc    00000020     interrupt.obj (.const:g_pulPriority)
                  000025ec    0000001c     gpio.obj (.const:GPIO_PORT_TO_INT)
                  00002608    0000001c     msp430_spi.obj (.const:spiMasterConfig)
                  00002624    00000008     interrupt.obj (.const:g_pulDisRegs)
                  0000262c    00000008     interrupt.obj (.const:g_pulEnRegs)
                  00002634    00000008     interrupt.obj (.const:g_pulPendRegs)
                  0000263c    00000008     interrupt.obj (.const:g_pulUnpendRegs)

.cinit     0    00002648    00000054     
                  00002648    00000016     (.cinit..data.load) [load image, compression = rle]
                  0000265e    00000002     --HOLE-- [fill = 0]
                  00002660    00000009     (.cinit..bss.load) [load image, compression = rle]
                  00002669    00000007     --HOLE-- [fill = 0]
                  00002670    00000009     (.cinit..vtable.load) [load image, compression = rle]
                  00002679    00000003     --HOLE-- [fill = 0]
                  0000267c    00000008     (__TI_handler_table)
                  00002684    00000018     (__TI_cinit_table)

.init_array 
*          0    00000000    00000000     UNINITIALIZED

.vtable    0    20000000    000000e4     UNINITIALIZED
                  20000000    000000e4     interrupt.obj (.vtable)

.data      0    200000e4    00000018     UNINITIALIZED
                  200000e4    0000000c     rtsv7M4_T_le_v4SPD16_eabi.lib : exit.obj (.data:$O1$$)
                  200000f0    00000008                                   : _lock.obj (.data:$O1$$)
                  200000f8    00000004                                   : stkdepth_vars.obj (.data)

.bss       0    200000fc    0000000b     UNINITIALIZED
                  200000fc    00000004     (.common:user)
                  20000100    00000001     (.common:rf_addr_width)
                  20000101    00000001     (.common:rf_channel)
                  20000102    00000001     (.common:rf_crc)
                  20000103    00000001     (.common:rf_feature)
                  20000104    00000001     (.common:rf_irq)
                  20000105    00000001     (.common:rf_speed_power)
                  20000106    00000001     (.common:rf_status)

.stack     0    2000fe00    00000200     UNINITIALIZED
                  2000fe00    00000200     --HOLE--

MODULE SUMMARY

       Module                     code   ro data   rw data
       ------                     ----   -------   -------
    .\
       msprf24.obj                3152   0         7      
       msp430_spi.obj             432    28        0      
       main.obj                   396    0         4      
       msp432_startup_ccs.obj     12     320       0      
    +--+--------------------------+------+---------+---------+
       Total:                     3992   348       11     
                                                          
    .\driverlib\MSP432P4xx\
       spi.obj                    2192   0         0      
       interrupt.obj              1008   144       228    
       gpio.obj                   1160   76        0      
       cpu.obj                    62     0         0      
    +--+--------------------------+------+---------+---------+
       Total:                     4422   220       228    
                                                          
    C:\ti\ccsv6\tools\compiler\ti-cgt-arm_15.12.0.LTS\lib\rtsv7M4_T_le_v4SPD16_eabi.lib
       memcpy_t2.obj              156    0         0      
       memset_t2.obj              122    0         0      
       autoinit.obj               112    0         0      
       copy_decompress_rle.obj    112    0         0      
       exit.obj                   84     0         12     
       boot.obj                   84     0         0      
       cpy_tbl.obj                76     0         0      
       _lock.obj                  20     0         8      
       args_main.obj              24     0         0      
       copy_decompress_none.obj   14     0         0      
       pre_init.obj               4      0         0      
       stkdepth_vars.obj          0      0         4      
       mpu_init.obj               2      0         0      
       startup.obj                2      0         0      
    +--+--------------------------+------+---------+---------+
       Total:                     812    0         24     
                                                          
       Stack:                     0      0         512    
       Linker Generated:          0      72        0      
    +--+--------------------------+------+---------+---------+
       Grand Total:               9226   640       775    


LINKER GENERATED COPY TABLES

__TI_cinit_table @ 00002684 records: 3, size/record: 8, table size: 24
	.data: load addr=00002648, load size=00000016 bytes, run addr=200000e4, run size=00000018 bytes, compression=rle
	.bss: load addr=00002660, load size=00000009 bytes, run addr=200000fc, run size=0000000b bytes, compression=rle
	.vtable: load addr=00002670, load size=00000009 bytes, run addr=20000000, run size=000000e4 bytes, compression=rle


LINKER GENERATED HANDLER TABLE

__TI_handler_table @ 0000267c records: 2, size/record: 4, table size: 8
	index: 0, handler: __TI_decompress_rle24
	index: 1, handler: __TI_decompress_none


GLOBAL SYMBOLS: SORTED ALPHABETICALLY BY Name 

address   name                                       
-------   ----                                       
000023e1  C$$EXIT                                    
000024b5  CPU_basepriGet                             
000024a7  CPU_basepriSet                             
00002481  CPU_cpsid                                  
00002497  CPU_cpsie                                  
0000248d  CPU_primask                                
000024a3  CPU_wfi                                    
000014af  EUSCI_A_SPI_changeClockPhasePolarity       
00001563  EUSCI_A_SPI_clearInterruptFlag             
00001593  EUSCI_A_SPI_disable                        
00001531  EUSCI_A_SPI_disableInterrupt               
0000157d  EUSCI_A_SPI_enable                         
00001517  EUSCI_A_SPI_enableInterrupt                
0000154b  EUSCI_A_SPI_getInterruptStatus             
000015a9  EUSCI_A_SPI_getReceiveBufferAddressForDMA  
000015b7  EUSCI_A_SPI_getTransmitBufferAddressForDMA 
000015c5  EUSCI_A_SPI_isBusy                         
0000142f  EUSCI_A_SPI_masterChangeClock              
00001507  EUSCI_A_SPI_receiveData                    
0000140f  EUSCI_A_SPI_select4PinFunctionality        
00001465  EUSCI_A_SPI_slaveInit                      
000014f1  EUSCI_A_SPI_transmitData                   
000012e1  EUSCI_B_SPI_changeClockPhasePolarity       
00001395  EUSCI_B_SPI_clearInterruptFlag             
000013c5  EUSCI_B_SPI_disable                        
00001363  EUSCI_B_SPI_disableInterrupt               
000013af  EUSCI_B_SPI_enable                         
00001349  EUSCI_B_SPI_enableInterrupt                
0000137d  EUSCI_B_SPI_getInterruptStatus             
000013db  EUSCI_B_SPI_getReceiveBufferAddressForDMA  
000013e9  EUSCI_B_SPI_getTransmitBufferAddressForDMA 
000013f7  EUSCI_B_SPI_isBusy                         
00001265  EUSCI_B_SPI_masterChangeClock              
00001339  EUSCI_B_SPI_receiveData                    
00001245  EUSCI_B_SPI_select4PinFunctionality        
00001297  EUSCI_B_SPI_slaveInit                      
00001323  EUSCI_B_SPI_transmitData                   
0000190f  GPIO_clearInterruptFlag                    
000018cf  GPIO_disableInterrupt                      
000018ad  GPIO_enableInterrupt                       
00001967  GPIO_getEnabledInterruptStatus             
00001877  GPIO_getInputPinValue                      
000018f1  GPIO_getInterruptStatus                    
00001931  GPIO_interruptEdgeSelect                   
00001a27  GPIO_registerInterrupt                     
0000161f  GPIO_setAsInputPin                         
000017d3  GPIO_setAsInputPinWithPullDownResistor     
00001825  GPIO_setAsInputPinWithPullUpResistor       
000015e5  GPIO_setAsOutputPin                        
000016e9  GPIO_setAsPeripheralModuleFunctionInputPin 
00001665  GPIO_setAsPeripheralModuleFunctionOutputPin
000019e3  GPIO_setDriveStrengthHigh                  
00001a05  GPIO_setDriveStrengthLow                   
0000176d  GPIO_setOutputHighOnPin                    
0000178f  GPIO_setOutputLowOnPin                     
000017b1  GPIO_toggleOutputOnPin                     
00001a47  GPIO_unregisterInterrupt                   
0000212f  InitFunction                               
00001c2f  Interrupt_disableInterrupt                 
00001a7f  Interrupt_disableMaster                    
00001e2d  Interrupt_disableSleepOnIsrExit            
00001bbd  Interrupt_enableInterrupt                  
00001a6f  Interrupt_enableMaster                     
00001e1b  Interrupt_enableSleepOnIsrExit             
00001b97  Interrupt_getPriority                      
00001b0f  Interrupt_getPriorityGrouping              
00001dfb  Interrupt_getPriorityMask                  
00001e15  Interrupt_getVectorTableAddress            
00001ca1  Interrupt_isEnabled                        
00001d2d  Interrupt_pendInterrupt                    
00001a8f  Interrupt_registerInterrupt                
00001b47  Interrupt_setPriority                      
00001af5  Interrupt_setPriorityGrouping              
00001deb  Interrupt_setPriorityMask                  
00001e05  Interrupt_setVectorTableAddress            
00001d9d  Interrupt_unpendInterrupt                  
00001ae1  Interrupt_unregisterInterrupt              
UNDEFED   SHT$$INIT_ARRAY$$Base                      
UNDEFED   SHT$$INIT_ARRAY$$Limit                     
00000f01  SPI_changeClockPhasePolarity               
00000e5b  SPI_changeMasterClock                      
000010b5  SPI_clearInterruptFlag                     
00001037  SPI_disableInterrupt                       
00000f8f  SPI_disableModule                          
00001011  SPI_enableInterrupt                        
00000f73  SPI_enableModule                           
00001085  SPI_getEnabledInterruptStatus              
0000105d  SPI_getInterruptStatus                     
00000fab  SPI_getReceiveBufferAddressForDMA          
00000fc7  SPI_getTransmitBufferAddressForDMA         
00000d85  SPI_initMaster                             
00000e83  SPI_initSlave                              
00000fe9  SPI_isBusy                                 
00000f57  SPI_receiveData                            
000010db  SPI_registerInterrupt                      
00000e35  SPI_selectFourPinFunctionality             
00000f31  SPI_transmitData                           
00001199  SPI_unregisterInterrupt                    
4000480c  WDTCTL_SYM                                 
20010000  __STACK_END                                
00000200  __STACK_SIZE                               
00002684  __TI_CINIT_Base                            
0000269c  __TI_CINIT_Limit                           
0000267c  __TI_Handler_Table_Base                    
00002684  __TI_Handler_Table_Limit                   
000022b1  __TI_auto_init                             
200000e4  __TI_cleanup_ptr                           
00002525  __TI_decompress_none                       
0000253f  __TI_decompress_rle24                      
200000e8  __TI_dtors_ptr                             
200000ec  __TI_enable_exit_profile_output            
ffffffff  __TI_pprof_out_hndl                        
ffffffff  __TI_prof_data_size                        
ffffffff  __TI_prof_data_start                       
00000000  __TI_static_base__                         
00002235  __aeabi_memclr                             
00002235  __aeabi_memclr4                            
00002235  __aeabi_memclr8                            
00002199  __aeabi_memcpy                             
00002199  __aeabi_memcpy4                            
00002199  __aeabi_memcpy8                            
00002237  __aeabi_memset                             
00002237  __aeabi_memset4                            
00002237  __aeabi_memset8                            
ffffffff  __binit__                                  
ffffffff  __c_args__                                 
000022af  __mpu_init                                 
2000fe00  __stack                                    
000024e9  _args_main                                 
0000238d  _c_int00                                   
200000f0  _lock                                      
00002515  _msprf24_crc_mask                          
00002545  _msprf24_irq_mask                          
0000250f  _nop                                       
00002507  _register_lock                             
00002501  _register_unlock                           
0000238b  _system_post_cinit                         
00002549  _system_pre_init                           
200000f4  _unlock                                    
000023e5  abort                                      
ffffffff  binit                                      
00002435  copy_in                                    
000023ed  exit                                       
000004ff  flush_rx                                   
000004dd  flush_tx                                   
20000000  g_pfnRAMVectors                            
0000210f  gpio_isr                                   
00000000  interruptVectors                           
0000200d  main                                       
200000f8  main_func_sp                               
00002199  memcpy                                     
0000223d  memset                                     
00000b93  msprf24_activate_rx                        
00000bb7  msprf24_activate_tx                        
00000757  msprf24_close_pipe                         
000007b3  msprf24_close_pipe_all                     
00000ae1  msprf24_current_state                      
00000727  msprf24_disable_feature                    
000006ed  msprf24_enable_feature                     
00000c89  msprf24_get_irq_reason                     
000009f7  msprf24_get_last_retransmits               
00000a05  msprf24_get_lostpackets                    
00000609  msprf24_init                               
00000cc9  msprf24_irq_clear                          
00000a13  msprf24_is_alive                           
000007d9  msprf24_open_pipe                          
00000853  msprf24_pipe_isopen                        
00000b3d  msprf24_powerdown                          
00000bcb  msprf24_queue_state                        
00000c55  msprf24_rx_pending                         
00000bd5  msprf24_scan                               
00000abb  msprf24_set_address_width                  
00000a9b  msprf24_set_channel                        
00000a3d  msprf24_set_config                         
0000088f  msprf24_set_pipe_packetsize                
000009cd  msprf24_set_retransmit_count               
00000931  msprf24_set_retransmit_delay               
00000a6d  msprf24_set_speed_power                    
00000b51  msprf24_standby                            
000024c1  pulse_ce                                   
00000141  r_reg                                      
00000415  r_rx_payload                               
000003d9  r_rx_peek_payload_size                     
20000100  rf_addr_width                              
20000101  rf_channel                                 
20000102  rf_crc                                     
20000103  rf_feature                                 
20000104  rf_irq                                     
20000105  rf_speed_power                             
20000106  rf_status                                  
00002608  spiMasterConfig                            
00001e5d  spi_init                                   
00001e89  spi_transfer                               
00001eab  spi_transfer16                             
00001ef5  spi_transfer9                              
00000525  tx_reuse_lastpayload                       
200000fc  user                                       
00000547  w_ack_payload                              
0000018b  w_reg                                      
0000021f  w_rx_addr                                  
000001d7  w_tx_addr                                  
00000295  w_tx_payload                               
00000333  w_tx_payload_noack                         


GLOBAL SYMBOLS: SORTED BY Symbol Address 

address   name                                       
-------   ----                                       
00000000  __TI_static_base__                         
00000000  interruptVectors                           
00000141  r_reg                                      
0000018b  w_reg                                      
000001d7  w_tx_addr                                  
00000200  __STACK_SIZE                               
0000021f  w_rx_addr                                  
00000295  w_tx_payload                               
00000333  w_tx_payload_noack                         
000003d9  r_rx_peek_payload_size                     
00000415  r_rx_payload                               
000004dd  flush_tx                                   
000004ff  flush_rx                                   
00000525  tx_reuse_lastpayload                       
00000547  w_ack_payload                              
00000609  msprf24_init                               
000006ed  msprf24_enable_feature                     
00000727  msprf24_disable_feature                    
00000757  msprf24_close_pipe                         
000007b3  msprf24_close_pipe_all                     
000007d9  msprf24_open_pipe                          
00000853  msprf24_pipe_isopen                        
0000088f  msprf24_set_pipe_packetsize                
00000931  msprf24_set_retransmit_delay               
000009cd  msprf24_set_retransmit_count               
000009f7  msprf24_get_last_retransmits               
00000a05  msprf24_get_lostpackets                    
00000a13  msprf24_is_alive                           
00000a3d  msprf24_set_config                         
00000a6d  msprf24_set_speed_power                    
00000a9b  msprf24_set_channel                        
00000abb  msprf24_set_address_width                  
00000ae1  msprf24_current_state                      
00000b3d  msprf24_powerdown                          
00000b51  msprf24_standby                            
00000b93  msprf24_activate_rx                        
00000bb7  msprf24_activate_tx                        
00000bcb  msprf24_queue_state                        
00000bd5  msprf24_scan                               
00000c55  msprf24_rx_pending                         
00000c89  msprf24_get_irq_reason                     
00000cc9  msprf24_irq_clear                          
00000d85  SPI_initMaster                             
00000e35  SPI_selectFourPinFunctionality             
00000e5b  SPI_changeMasterClock                      
00000e83  SPI_initSlave                              
00000f01  SPI_changeClockPhasePolarity               
00000f31  SPI_transmitData                           
00000f57  SPI_receiveData                            
00000f73  SPI_enableModule                           
00000f8f  SPI_disableModule                          
00000fab  SPI_getReceiveBufferAddressForDMA          
00000fc7  SPI_getTransmitBufferAddressForDMA         
00000fe9  SPI_isBusy                                 
00001011  SPI_enableInterrupt                        
00001037  SPI_disableInterrupt                       
0000105d  SPI_getInterruptStatus                     
00001085  SPI_getEnabledInterruptStatus              
000010b5  SPI_clearInterruptFlag                     
000010db  SPI_registerInterrupt                      
00001199  SPI_unregisterInterrupt                    
00001245  EUSCI_B_SPI_select4PinFunctionality        
00001265  EUSCI_B_SPI_masterChangeClock              
00001297  EUSCI_B_SPI_slaveInit                      
000012e1  EUSCI_B_SPI_changeClockPhasePolarity       
00001323  EUSCI_B_SPI_transmitData                   
00001339  EUSCI_B_SPI_receiveData                    
00001349  EUSCI_B_SPI_enableInterrupt                
00001363  EUSCI_B_SPI_disableInterrupt               
0000137d  EUSCI_B_SPI_getInterruptStatus             
00001395  EUSCI_B_SPI_clearInterruptFlag             
000013af  EUSCI_B_SPI_enable                         
000013c5  EUSCI_B_SPI_disable                        
000013db  EUSCI_B_SPI_getReceiveBufferAddressForDMA  
000013e9  EUSCI_B_SPI_getTransmitBufferAddressForDMA 
000013f7  EUSCI_B_SPI_isBusy                         
0000140f  EUSCI_A_SPI_select4PinFunctionality        
0000142f  EUSCI_A_SPI_masterChangeClock              
00001465  EUSCI_A_SPI_slaveInit                      
000014af  EUSCI_A_SPI_changeClockPhasePolarity       
000014f1  EUSCI_A_SPI_transmitData                   
00001507  EUSCI_A_SPI_receiveData                    
00001517  EUSCI_A_SPI_enableInterrupt                
00001531  EUSCI_A_SPI_disableInterrupt               
0000154b  EUSCI_A_SPI_getInterruptStatus             
00001563  EUSCI_A_SPI_clearInterruptFlag             
0000157d  EUSCI_A_SPI_enable                         
00001593  EUSCI_A_SPI_disable                        
000015a9  EUSCI_A_SPI_getReceiveBufferAddressForDMA  
000015b7  EUSCI_A_SPI_getTransmitBufferAddressForDMA 
000015c5  EUSCI_A_SPI_isBusy                         
000015e5  GPIO_setAsOutputPin                        
0000161f  GPIO_setAsInputPin                         
00001665  GPIO_setAsPeripheralModuleFunctionOutputPin
000016e9  GPIO_setAsPeripheralModuleFunctionInputPin 
0000176d  GPIO_setOutputHighOnPin                    
0000178f  GPIO_setOutputLowOnPin                     
000017b1  GPIO_toggleOutputOnPin                     
000017d3  GPIO_setAsInputPinWithPullDownResistor     
00001825  GPIO_setAsInputPinWithPullUpResistor       
00001877  GPIO_getInputPinValue                      
000018ad  GPIO_enableInterrupt                       
000018cf  GPIO_disableInterrupt                      
000018f1  GPIO_getInterruptStatus                    
0000190f  GPIO_clearInterruptFlag                    
00001931  GPIO_interruptEdgeSelect                   
00001967  GPIO_getEnabledInterruptStatus             
000019e3  GPIO_setDriveStrengthHigh                  
00001a05  GPIO_setDriveStrengthLow                   
00001a27  GPIO_registerInterrupt                     
00001a47  GPIO_unregisterInterrupt                   
00001a6f  Interrupt_enableMaster                     
00001a7f  Interrupt_disableMaster                    
00001a8f  Interrupt_registerInterrupt                
00001ae1  Interrupt_unregisterInterrupt              
00001af5  Interrupt_setPriorityGrouping              
00001b0f  Interrupt_getPriorityGrouping              
00001b47  Interrupt_setPriority                      
00001b97  Interrupt_getPriority                      
00001bbd  Interrupt_enableInterrupt                  
00001c2f  Interrupt_disableInterrupt                 
00001ca1  Interrupt_isEnabled                        
00001d2d  Interrupt_pendInterrupt                    
00001d9d  Interrupt_unpendInterrupt                  
00001deb  Interrupt_setPriorityMask                  
00001dfb  Interrupt_getPriorityMask                  
00001e05  Interrupt_setVectorTableAddress            
00001e15  Interrupt_getVectorTableAddress            
00001e1b  Interrupt_enableSleepOnIsrExit             
00001e2d  Interrupt_disableSleepOnIsrExit            
00001e5d  spi_init                                   
00001e89  spi_transfer                               
00001eab  spi_transfer16                             
00001ef5  spi_transfer9                              
0000200d  main                                       
0000210f  gpio_isr                                   
0000212f  InitFunction                               
00002199  __aeabi_memcpy                             
00002199  __aeabi_memcpy4                            
00002199  __aeabi_memcpy8                            
00002199  memcpy                                     
00002235  __aeabi_memclr                             
00002235  __aeabi_memclr4                            
00002235  __aeabi_memclr8                            
00002237  __aeabi_memset                             
00002237  __aeabi_memset4                            
00002237  __aeabi_memset8                            
0000223d  memset                                     
000022af  __mpu_init                                 
000022b1  __TI_auto_init                             
0000238b  _system_post_cinit                         
0000238d  _c_int00                                   
000023e1  C$$EXIT                                    
000023e5  abort                                      
000023ed  exit                                       
00002435  copy_in                                    
00002481  CPU_cpsid                                  
0000248d  CPU_primask                                
00002497  CPU_cpsie                                  
000024a3  CPU_wfi                                    
000024a7  CPU_basepriSet                             
000024b5  CPU_basepriGet                             
000024c1  pulse_ce                                   
000024e9  _args_main                                 
00002501  _register_unlock                           
00002507  _register_lock                             
0000250f  _nop                                       
00002515  _msprf24_crc_mask                          
00002525  __TI_decompress_none                       
0000253f  __TI_decompress_rle24                      
00002545  _msprf24_irq_mask                          
00002549  _system_pre_init                           
00002608  spiMasterConfig                            
0000267c  __TI_Handler_Table_Base                    
00002684  __TI_CINIT_Base                            
00002684  __TI_Handler_Table_Limit                   
0000269c  __TI_CINIT_Limit                           
20000000  g_pfnRAMVectors                            
200000e4  __TI_cleanup_ptr                           
200000e8  __TI_dtors_ptr                             
200000ec  __TI_enable_exit_profile_output            
200000f0  _lock                                      
200000f4  _unlock                                    
200000f8  main_func_sp                               
200000fc  user                                       
20000100  rf_addr_width                              
20000101  rf_channel                                 
20000102  rf_crc                                     
20000103  rf_feature                                 
20000104  rf_irq                                     
20000105  rf_speed_power                             
20000106  rf_status                                  
2000fe00  __stack                                    
20010000  __STACK_END                                
4000480c  WDTCTL_SYM                                 
ffffffff  __TI_pprof_out_hndl                        
ffffffff  __TI_prof_data_size                        
ffffffff  __TI_prof_data_start                       
ffffffff  __binit__                                  
ffffffff  __c_args__                                 
ffffffff  binit                                      
UNDEFED   SHT$$INIT_ARRAY$$Base                      
UNDEFED   SHT$$INIT_ARRAY$$Limit                     

[203 symbols]
